PS C:\Users\PMLS\Desktop\Research-Mphill\Golfpose\GolfPose-estimation-and-correction> git init
Reinitialized existing Git repository in C:/Users/PMLS/Desktop/Research-Mphill/Golfpose/GolfPose-estimation-and-correction/.git/
PS C:\Users\PMLS\Desktop\Research-Mphill\Golfpose\GolfPose-estimation-and-correction> git add . 
PS C:\Users\PMLS\Desktop\Research-Mphill\Golfpose\GolfPose-estimation-and-correction> git commit -m "Golf Pose Estimation"   
On branch main
Your branch is up to date with 'origin/main'.

Untracked files:
  (use "git add <file>..." to include in what will be committed)
        Data/
        MPJPE.py
        OpenPose2D.py
        SVMPhaseDetection.py
        main.py
        requirements.txt
        test_libs.py
        utils/

nothing added to commit but untracked files present (use "git add" to track)
PS C:\Users\PMLS\Desktop\Research-Mphill\Golfpose\GolfPose-estimation-and-correction> git init 
Initialized empty Git repository in C:/Users/PMLS/Desktop/Research-Mphill/Golfpose/GolfPose-estimation-and-correction/.git/
PS C:\Users\PMLS\Desktop\Research-Mphill\Golfpose\GolfPose-estimation-and-correction> git init
Initialized empty Git repository in C:/Users/PMLS/Desktop/Research-Mphill/Golfpose/GolfPose-estimation-and-correction/.git/
PS C:\Users\PMLS\Desktop\Research-Mphill\Golfpose\GolfPose-estimation-and-correction> git add .
PS C:\Users\PMLS\Desktop\Research-Mphill\Golfpose\GolfPose-estimation-and-correction> ^C
PS C:\Users\PMLS\Desktop\Research-Mphill\Golfpose\GolfPose-estimation-and-correction> git add .
>> git commit -m "Added latest files to GolfPose project"
PS C:\Users\PMLS\Desktop\Research-Mphill\Golfpose\GolfPose-estimation-and-correction> git push origin main
error: src refspec main does not match any
error: failed to push some refs to 'origin'
PS C:\Users\PMLS\Desktop\Research-Mphill\Golfpose\GolfPose-estimation-and-correction> git branch
PS C:\Users\PMLS\Desktop\Research-Mphill\Golfpose\GolfPose-estimation-and-correction> git branch -M main
PS C:\Users\PMLS\Desktop\Research-Mphill\Golfpose\GolfPose-estimation-and-correction> git remote add origin https://github.com/Asfand6417/GolfPose-estimation-and-correction.git
PS C:\Users\PMLS\Desktop\Research-Mphill\Golfpose\GolfPose-estimation-and-correction> git push -u origin main
error: src refspec main does not match any
error: failed to push some refs to 'https://github.com/Asfand6417/GolfPose-estimation-and-correction.git'
PS C:\Users\PMLS\Desktop\Research-Mphill\Golfpose\GolfPose-estimation-and-correction> git add .
PS C:\Users\PMLS\Desktop\Research-Mphill\Golfpose\GolfPose-estimation-and-correction> 
 *  History restored 

PS C:\Users\PMLS\Desktop\Research-Mphill\Golfpose\GolfPose-estimation-and-correction> python main.py 
Traceback (most recent call last):
  File "C:\Users\PMLS\Desktop\Research-Mphill\Golfpose\GolfPose-estimation-and-correction\main.py", line 5, in <module>
    from utils.sync_cameras import synchronize_frames
ImportError: cannot import name 'synchronize_frames' from 'utils.sync_cameras' (C:\Users\PMLS\Desktop\Research-Mphill\Golfpose\GolfPose-estimation-and-correction\utils\sync_cameras.py)
PS C:\Users\PMLS\Desktop\Research-Mphill\Golfpose\GolfPose-estimation-and-correction> python main.py
Traceback (most recent call last):
  File "C:\Users\PMLS\Desktop\Research-Mphill\Golfpose\GolfPose-estimation-and-correction\main.py", line 6, in <module>
    from utils.sync_cameras import synchronize_frames
ImportError: cannot import name 'synchronize_frames' from 'utils.sync_cameras' (C:\Users\PMLS\Desktop\Research-Mphill\Golfpose\GolfPose-estimation-and-correction\utils\sync_cameras.py)
PS C:\Users\PMLS\Desktop\Research-Mphill\Golfpose\GolfPose-estimation-and-correction> python main.py
Downloading: "https://github.com/pytorch/vision/zipball/v0.10.0" to C:\Users\PMLS/.cache\torch\hub\v0.10.0.zip
C:\Users\PMLS\Desktop\Research-Mphill\Golfpose\GolfPose-estimation-and-correction\golfenv\lib\site-packages\torchvision\models\_utils.py:208: UserWarning: The parameter 'pretrained' is deprecated since 0.13 and may be removed in the future, please use 'weights' instead.
  warnings.warn(
C:\Users\PMLS\Desktop\Research-Mphill\Golfpose\GolfPose-estimation-and-correction\golfenv\lib\site-packages\torchvision\models\_utils.py:223: UserWarning: Arguments other than a weight enum or `None` for 'weights' are deprecated since 0.13 and may be removed in the future. The current behavior is equivalent to passing `weights=MobileNet_V2_Weights.IMAGENET1K_V1`. You can also use `weights=MobileNet_V2_Weights.DEFAULT` to get the most up-to-date weights.
  warnings.warn(msg)
Downloading: "https://download.pytorch.org/models/mobilenet_v2-b0353104.pth" to C:\Users\PMLS/.cache\torch\hub\checkpoints\mobilenet_v2-b0353104.pth
100%|‚ñà‚ñà‚ñà‚ñà‚ñà‚ñà‚ñà‚ñà‚ñà‚ñà‚ñà‚ñà‚ñà‚ñà‚ñà‚ñà‚ñà‚ñà‚ñà‚ñà‚ñà‚ñà‚ñà‚ñà‚ñà‚ñà‚ñà‚ñà‚ñà‚ñà‚ñà‚ñà‚ñà‚ñà‚ñà‚ñà‚ñà‚ñà‚ñà‚ñà‚ñà‚ñà‚ñà‚ñà‚ñà‚ñà‚ñà‚ñà‚ñà‚ñà‚ñà‚ñà‚ñà‚ñà‚ñà‚ñà‚ñà‚ñà‚ñà‚ñà‚ñà‚ñà‚ñà‚ñà‚ñà‚ñà‚ñà‚ñà‚ñà‚ñà‚ñà‚ñà‚ñà‚ñà‚ñà‚ñà‚ñà‚ñà‚ñà‚ñà‚ñà‚ñà‚ñà‚ñà‚ñà‚ñà‚ñà‚ñà‚ñà‚ñà‚ñà‚ñà‚ñà‚ñà‚ñà‚ñà‚ñà‚ñà| 13.6M/13.6M [00:08<00:00, 1.75MB/s]
Traceback (most recent call last):
  File "C:\Users\PMLS\Desktop\Research-Mphill\Golfpose\GolfPose-estimation-and-correction\main.py", line 9, in <module>
    from utils.detect_keypoints import extract_2d_keypoints
ImportError: cannot import name 'extract_2d_keypoints' from 'utils.detect_keypoints' (C:\Users\PMLS\Desktop\Research-Mphill\Golfpose\GolfPose-estimation-and-correction\utils\detect_keypoints.py)
PS C:\Users\PMLS\Desktop\Research-Mphill\Golfpose\GolfPose-estimation-and-correction> python main.py
Traceback (most recent call last):
  File "C:\Users\PMLS\Desktop\Research-Mphill\Golfpose\GolfPose-estimation-and-correction\main.py", line 12, in <module>
    from utils.dlt_3d_pose import reconstruct_3d_pose
ImportError: cannot import name 'reconstruct_3d_pose' from 'utils.dlt_3d_pose' (C:\Users\PMLS\Desktop\Research-Mphill\Golfpose\GolfPose-estimation-and-correction\utils\dlt_3d_pose.py)
INFO: Created TensorFlow Lite XNNPACK delegate for CPU.
PS C:\Users\PMLS\Desktop\Research-Mphill\Golfpose\GolfPose-estimation-and-correction> python main.py
INFO: Created TensorFlow Lite XNNPACK delegate for CPU.
WARNING: All log messages before absl::InitializeLog() is called are written to STDERR
W0000 00:00:1745044870.730320   19168 inference_feedback_manager.cc:114] Feedback manager requires a model with a single signature inference. Disabling support for feedback tensors.
W0000 00:00:1745044870.808127   18576 inference_feedback_manager.cc:114] Feedback manager requires a model with a single signature inference. Disabling support for feedback tensors.
üöÄ Starting Golf Swing Analysis Pipeline...

‚ö†Ô∏è Warning: Side view folder missing for Bad Chipping Swings in Bad Swings
‚ö†Ô∏è Warning: Side view folder missing for Bad Driver Swings in Bad Swings
‚ö†Ô∏è Warning: Side view folder missing for Bad Far From Ball in Bad Swings
‚ö†Ô∏è Warning: Side view folder missing for Bad Iron Swings in Bad Swings
‚ö†Ô∏è Warning: Side view folder missing for Bad Knee Posture in Bad Swings
‚ö†Ô∏è Warning: Side view folder missing for Bad Near To Ball in Bad Swings
‚ö†Ô∏è Warning: Side view folder missing for Bad Putting Posture Hunched in Bad Swings
‚ö†Ô∏è Warning: Side view folder missing for Bad Putting Posture Straight in Bad Swings
‚ö†Ô∏è Warning: Side view folder missing for Bad Sandpit Swings in Bad Swings
‚ö†Ô∏è Warning: Side view folder missing for Bad Straight Body in Bad Swings
‚ö†Ô∏è Warning: Side view folder missing for Good Body Posture and Ball Distance in Good Swings
‚ö†Ô∏è Warning: Side view folder missing for Good Knee Posture in Good Swings

üìÇ Processing: Good Swings / Good Putting
  üé• Back View: data\Back View\Good Swings\Good Putting\Good_Putt_1.mp4
  üé• Side View: data\Side View\Good Swings\Good Putting\Putting_Side_10.mp4
üîÑ Syncing frames from:
Back: data\Back View\Good Swings\Good Putting\Good_Putt_1.mp4
Side: data\Side View\Good Swings\Good Putting\Putting_Side_10.mp4
‚úÖ Synchronized 88 frame pairs.
üìç Extracting 2D keypoints using MediaPipe Pose...
W0000 00:00:1745044886.375166   10688 landmark_projection_calculator.cc:186] Using NORM_RECT without IMAGE_DIMENSIONS is only supported for the square ROI. Provide IMAGE_DIMENSIONS or use PROJECTION_MATRIX.
‚úÖ Extracted keypoints from 88 frames.
üìê Reconstructing 3D pose using DLT...
Traceback (most recent call last):
  File "C:\Users\PMLS\Desktop\Research-Mphill\Golfpose\GolfPose-estimation-and-correction\main.py", line 93, in <module>
    main()
  File "C:\Users\PMLS\Desktop\Research-Mphill\Golfpose\GolfPose-estimation-and-correction\main.py", line 77, in main
    keypoints_3d = reconstruct_3d_pose(keypoints_2d)
  File "C:\Users\PMLS\Desktop\Research-Mphill\Golfpose\GolfPose-estimation-and-correction\utils\dlt_3d_pose.py", line 34, in reconstruct_3d_pose
    for frame_idx, (kp_back, kp_side) in enumerate(paired_keypoints):
ValueError: too many values to unpack (expected 2)
PS C:\Users\PMLS\Desktop\Research-Mphill\Golfpose\GolfPose-estimation-and-correction> python main.py
INFO: Created TensorFlow Lite XNNPACK delegate for CPU.
WARNING: All log messages before absl::InitializeLog() is called are written to STDERR
W0000 00:00:1745044965.383855   18060 inference_feedback_manager.cc:114] Feedback manager requires a model with a single signature inference. Disabling support for feedback tensors.
W0000 00:00:1745044965.437797   18060 inference_feedback_manager.cc:114] Feedback manager requires a model with a single signature inference. Disabling support for feedback tensors.
üöÄ Starting Golf Swing Analysis Pipeline...

‚ö†Ô∏è Warning: Side view folder missing for Bad Chipping Swings in Bad Swings
‚ö†Ô∏è Warning: Side view folder missing for Bad Driver Swings in Bad Swings
‚ö†Ô∏è Warning: Side view folder missing for Bad Far From Ball in Bad Swings
‚ö†Ô∏è Warning: Side view folder missing for Bad Iron Swings in Bad Swings
‚ö†Ô∏è Warning: Side view folder missing for Bad Knee Posture in Bad Swings
‚ö†Ô∏è Warning: Side view folder missing for Bad Near To Ball in Bad Swings
‚ö†Ô∏è Warning: Side view folder missing for Bad Putting Posture Hunched in Bad Swings
‚ö†Ô∏è Warning: Side view folder missing for Bad Putting Posture Straight in Bad Swings
‚ö†Ô∏è Warning: Side view folder missing for Bad Sandpit Swings in Bad Swings
‚ö†Ô∏è Warning: Side view folder missing for Bad Straight Body in Bad Swings
‚ö†Ô∏è Warning: Side view folder missing for Good Body Posture and Ball Distance in Good Swings
‚ö†Ô∏è Warning: Side view folder missing for Good Knee Posture in Good Swings

üìÇ Processing: Good Swings / Good Putting
  üé• Back View: data\Back View\Good Swings\Good Putting\Good_Putt_1.mp4
  üé• Side View: data\Side View\Good Swings\Good Putting\Putting_Side_10.mp4
üîÑ Syncing frames from:
Back: data\Back View\Good Swings\Good Putting\Good_Putt_1.mp4
Side: data\Side View\Good Swings\Good Putting\Putting_Side_10.mp4
‚úÖ Synchronized 88 frame pairs.
W0000 00:00:1745044969.058253   14392 landmark_projection_calculator.cc:186] Using NORM_RECT without IMAGE_DIMENSIONS is only supported for the square ROI. Provide IMAGE_DIMENSIONS or use PROJECTION_MATRIX.
üìê Reconstructing 3D pose using DLT...
‚úÖ Reconstructed 3D pose for 88 frames.
üìä Segmenting swing into phases using SVM/MLP...
Traceback (most recent call last):
  File "C:\Users\PMLS\Desktop\Research-Mphill\Golfpose\GolfPose-estimation-and-correction\main.py", line 93, in <module>
    main()
  File "C:\Users\PMLS\Desktop\Research-Mphill\Golfpose\GolfPose-estimation-and-correction\main.py", line 80, in main
    swing_phases = segment_swing_phases(keypoints_3d)
  File "C:\Users\PMLS\Desktop\Research-Mphill\Golfpose\GolfPose-estimation-and-correction\utils\swing_segmenter.py", line 24, in segment_swing_phases
    model = load_classifier(model_path)
  File "C:\Users\PMLS\Desktop\Research-Mphill\Golfpose\GolfPose-estimation-and-correction\utils\swing_segmenter.py", line 9, in load_classifier
    return joblib.load(model_path)
  File "C:\Users\PMLS\Desktop\Research-Mphill\Golfpose\GolfPose-estimation-and-correction\golfenv\lib\site-packages\joblib\numpy_pickle.py", line 650, in load
    with open(filename, 'rb') as f:
FileNotFoundError: [Errno 2] No such file or directory: 'models/svm_model.pkl'
PS C:\Users\PMLS\Desktop\Research-Mphill\Golfpose\GolfPose-estimation-and-correction> python main.py                                         
INFO: Created TensorFlow Lite XNNPACK delegate for CPU.                                                                                      
WARNING: All log messages before absl::InitializeLog() is called are written to STDERR
W0000 00:00:1745054342.740427    1416 inference_feedback_manager.cc:114] Feedback manager requires a model with a single signature inference. Disabling support for feedback tensors.
W0000 00:00:1745054342.819615    1416 inference_feedback_manager.cc:114] Feedback manager requires a model with a single signature inference. Disabling support for feedback tensors.
üöÄ Starting Golf Swing Analysis Pipeline...

‚ö†Ô∏è Warning: Side view folder missing for Bad Chipping Swings in Bad Swings
‚ö†Ô∏è Warning: Side view folder missing for Bad Driver Swings in Bad Swings
‚ö†Ô∏è Warning: Side view folder missing for Bad Far From Ball in Bad Swings
‚ö†Ô∏è Warning: Side view folder missing for Bad Iron Swings in Bad Swings
‚ö†Ô∏è Warning: Side view folder missing for Bad Knee Posture in Bad Swings
‚ö†Ô∏è Warning: Side view folder missing for Bad Near To Ball in Bad Swings
‚ö†Ô∏è Warning: Side view folder missing for Bad Putting Posture Hunched in Bad Swings
‚ö†Ô∏è Warning: Side view folder missing for Bad Putting Posture Straight in Bad Swings
‚ö†Ô∏è Warning: Side view folder missing for Bad Sandpit Swings in Bad Swings
‚ö†Ô∏è Warning: Side view folder missing for Bad Straight Body in Bad Swings
‚ö†Ô∏è Warning: Side view folder missing for Good Body Posture and Ball Distance in Good Swings
‚ö†Ô∏è Warning: Side view folder missing for Good Knee Posture in Good Swings

üìÇ Processing: Good Swings / Good Putting
  üé• Back View: data\Back View\Good Swings\Good Putting\Good_Putt_1.mp4
  üé• Side View: data\Side View\Good Swings\Good Putting\Putting_Side_10.mp4
üîÑ Syncing frames from:
Back: data\Back View\Good Swings\Good Putting\Good_Putt_1.mp4
Side: data\Side View\Good Swings\Good Putting\Putting_Side_10.mp4
‚úÖ Synchronized 88 frame pairs.
W0000 00:00:1745054357.691265   18928 landmark_projection_calculator.cc:186] Using NORM_RECT without IMAGE_DIMENSIONS is only supported for the square ROI. Provide IMAGE_DIMENSIONS or use PROJECTION_MATRIX.
üìê Reconstructing 3D pose using DLT...
‚úÖ Reconstructed 3D pose for 88 frames.
üíæ Saved training_data/Good_Swings_Good_Putting_1745054363.npy
üìä Segmenting swing into phases using SVM/MLP...
Traceback (most recent call last):
  File "C:\Users\PMLS\Desktop\Research-Mphill\Golfpose\GolfPose-estimation-and-correction\main.py", line 101, in <module>
    main()
  File "C:\Users\PMLS\Desktop\Research-Mphill\Golfpose\GolfPose-estimation-and-correction\main.py", line 88, in main
    swing_phases = segment_swing_phases(keypoints_3d)
  File "C:\Users\PMLS\Desktop\Research-Mphill\Golfpose\GolfPose-estimation-and-correction\utils\swing_segmenter.py", line 24, in segment_swing_phases
    model = load_classifier(model_path)
  File "C:\Users\PMLS\Desktop\Research-Mphill\Golfpose\GolfPose-estimation-and-correction\utils\swing_segmenter.py", line 9, in load_classifier
    return joblib.load(model_path)
  File "C:\Users\PMLS\Desktop\Research-Mphill\Golfpose\GolfPose-estimation-and-correction\golfenv\lib\site-packages\joblib\numpy_pickle.py", line 658, in load
    obj = _unpickle(fobj, filename, mmap_mode)
  File "C:\Users\PMLS\Desktop\Research-Mphill\Golfpose\GolfPose-estimation-and-correction\golfenv\lib\site-packages\joblib\numpy_pickle.py", line 577, in _unpickle
    obj = unpickler.load()
  File "C:\Users\PMLS\AppData\Local\Programs\Python\Python310\lib\pickle.py", line 1211, in load
    raise EOFError
EOFError
PS C:\Users\PMLS\Desktop\Research-Mphill\Golfpose\GolfPose-estimation-and-correction> python prepare_dataset.py
‚úÖ Created labels for Good_Swings_Good_Putting_1745054363.npy
üìÅ Split 2 files: 1 train / 1 test
PS C:\Users\PMLS\Desktop\Research-Mphill\Golfpose\GolfPose-estimation-and-correction> python extract_features.py
‚úÖ Saved features: features\Good_Swings_Good_Putting_1745054363_features.npy
Traceback (most recent call last):
  File "C:\Users\PMLS\Desktop\Research-Mphill\Golfpose\GolfPose-estimation-and-correction\golfenv\lib\site-packages\numpy\lib\npyio.py", line 465, in load
    return pickle.load(fid, **pickle_kwargs)
_pickle.UnpicklingError: unpickling stack underflow

The above exception was the direct cause of the following exception:

Traceback (most recent call last):
  File "C:\Users\PMLS\Desktop\Research-Mphill\Golfpose\GolfPose-estimation-and-correction\extract_features.py", line 52, in <module>
    save_all_features()
  File "C:\Users\PMLS\Desktop\Research-Mphill\Golfpose\GolfPose-estimation-and-correction\extract_features.py", line 45, in save_all_features
    pose_data = np.load(os.path.join(data_dir, file), allow_pickle=True)
  File "C:\Users\PMLS\Desktop\Research-Mphill\Golfpose\GolfPose-estimation-and-correction\golfenv\lib\site-packages\numpy\lib\npyio.py", line 467, in load
    raise pickle.UnpicklingError(
_pickle.UnpicklingError: Failed to interpret file 'training_data\\swing1.npy' as a pickle
PS C:\Users\PMLS\Desktop\Research-Mphill\Golfpose\GolfPose-estimation-and-correction> python extract_features.py
‚úÖ Saved features: features\Good_Swings_Good_Putting_1745054363_features.npy
PS C:\Users\PMLS\Desktop\Research-Mphill\Golfpose\GolfPose-estimation-and-correction> python train_segmenter.py
>>
üìÇ Loading train/test split...
üìä Loading feature data...
‚ùå Missing feature or label file for swing1.npy
ü§ñ Training SVM classifier...
‚úÖ Training complete. Evaluating...
Traceback (most recent call last):
  File "C:\Users\PMLS\Desktop\Research-Mphill\Golfpose\GolfPose-estimation-and-correction\train_segmenter.py", line 65, in <module>
    main()
  File "C:\Users\PMLS\Desktop\Research-Mphill\Golfpose\GolfPose-estimation-and-correction\train_segmenter.py", line 57, in main
    y_pred = model.predict(X_test)
  File "C:\Users\PMLS\Desktop\Research-Mphill\Golfpose\GolfPose-estimation-and-correction\golfenv\lib\site-packages\sklearn\svm\_base.py", line 822, in predict
    y = super().predict(X)
  File "C:\Users\PMLS\Desktop\Research-Mphill\Golfpose\GolfPose-estimation-and-correction\golfenv\lib\site-packages\sklearn\svm\_base.py", line 436, in predict
    X = self._validate_for_predict(X)
  File "C:\Users\PMLS\Desktop\Research-Mphill\Golfpose\GolfPose-estimation-and-correction\golfenv\lib\site-packages\sklearn\svm\_base.py", line 614, in _validate_for_predict
    X = validate_data(
  File "C:\Users\PMLS\Desktop\Research-Mphill\Golfpose\GolfPose-estimation-and-correction\golfenv\lib\site-packages\sklearn\utils\validation.py", line 2944, in validate_data
    out = check_array(X, input_name="X", **check_params)
  File "C:\Users\PMLS\Desktop\Research-Mphill\Golfpose\GolfPose-estimation-and-correction\golfenv\lib\site-packages\sklearn\utils\validation.py", line 1093, in check_array
    raise ValueError(msg)
ValueError: Expected 2D array, got 1D array instead:
array=[].
Reshape your data either using array.reshape(-1, 1) if your data has a single feature or array.reshape(1, -1) if it contains a single sample.
PS C:\Users\PMLS\Desktop\Research-Mphill\Golfpose\GolfPose-estimation-and-correction> python train_segmenter.py
>>
üìÇ Loading train/test split...
üìä Loading feature data...
‚úÖ Loaded 88 samples
‚ùå Missing feature file: features\swing1_features.npy
‚úÖ Loaded 0 samples
ü§ñ Training SVM classifier...
‚úÖ Training complete. Evaluating...
Traceback (most recent call last):
  File "C:\Users\PMLS\Desktop\Research-Mphill\Golfpose\GolfPose-estimation-and-correction\train_segmenter.py", line 91, in <module>
    main()
  File "C:\Users\PMLS\Desktop\Research-Mphill\Golfpose\GolfPose-estimation-and-correction\train_segmenter.py", line 83, in main
    y_pred = model.predict(X_test)
  File "C:\Users\PMLS\Desktop\Research-Mphill\Golfpose\GolfPose-estimation-and-correction\golfenv\lib\site-packages\sklearn\svm\_base.py", line 822, in predict
    y = super().predict(X)
  File "C:\Users\PMLS\Desktop\Research-Mphill\Golfpose\GolfPose-estimation-and-correction\golfenv\lib\site-packages\sklearn\svm\_base.py", line 436, in predict
    X = self._validate_for_predict(X)
  File "C:\Users\PMLS\Desktop\Research-Mphill\Golfpose\GolfPose-estimation-and-correction\golfenv\lib\site-packages\sklearn\svm\_base.py", line 614, in _validate_for_predict
    X = validate_data(
  File "C:\Users\PMLS\Desktop\Research-Mphill\Golfpose\GolfPose-estimation-and-correction\golfenv\lib\site-packages\sklearn\utils\validation.py", line 2944, in validate_data
    out = check_array(X, input_name="X", **check_params)
  File "C:\Users\PMLS\Desktop\Research-Mphill\Golfpose\GolfPose-estimation-and-correction\golfenv\lib\site-packages\sklearn\utils\validation.py", line 1093, in check_array
    raise ValueError(msg)
ValueError: Expected 2D array, got 1D array instead:
array=[].
Reshape your data either using array.reshape(-1, 1) if your data has a single feature or array.reshape(1, -1) if it contains a single sample.
PS C:\Users\PMLS\Desktop\Research-Mphill\Golfpose\GolfPose-estimation-and-correction> golfenv\Scripts\activate                               
                                                                                                                                             
